1	2008-02-18	first entry
2	2008-02-19	second one
3	2008-02-20	another
4	2008-02-21	still running
5	2008-02-22	well, some more
6	2008-02-23	antepenultima
7	2008-02-24	next to last
8	2008-02-25	hey, it's today!
