27955878	HTML
27955879	html
27955880	HTML -//W3C//DTD HTML 4.01 Frameset//EN\\
27955881	html
27955882	html
