BORDET              	Jordane             
BORDET              	Audrey              
LASTNAME            	"opening quote      
