33996344	33996351	GB	United Kingdom
50331648	68257567	US	United States
68257568	68257599	CA	Canada
68257600	68259583	US	United States
68259584	68259599	CA	Canada
68259600	68296775	US	United States
