1	foo	bar	\N	hop
2	foo	bar	\N	hop
3	foo	bar	\N	hop
4	foo	bar	\N	hop
5	foo	bar	\N	hop
6	foo	bar	\N	hop
7	foo	bar	\N	hop
