5	constant value	1
10	constant value	2
4	constant value	3
18	constant value	4
2	constant value	5
