1	2006-11-11	some first row text
2	2006-11-13	some second row text
3	2006-10-12	some third row text
4	2006-10-04	\\
5	2006-05-12	some fifth row text
6	2006-07-10	some sixth row text
7	\N	some null date to play with
